<html>
<body>
<pre>
<h1>礦ision Build Log</h1>
<h2>Tool Versions:</h2>
IDE-Version: μVision V5.20.0.0
Copyright (C) 2016 ARM Ltd and ARM Germany GmbH. All rights reserved.
License Information: slayer slayer, slayer, LIC=UJWDY-IHKVR-PZSWB-2LCWT-5KIDS-UIBY9
 
Tool Versions:
Toolchain:       MDK-ARM Plus  Version: 5.20
Toolchain Path:  D:\Program Files (x86)\MDK\5.20\ARM\ARMCC\Bin
C Compiler:      Armcc.exe V5.06 update 2 (build 183)
Assembler:       Armasm.exe V5.06 update 2 (build 183)
Linker/Locator:  ArmLink.exe V5.06 update 2 (build 183)
Library Manager: ArmAr.exe V5.06 update 2 (build 183)
Hex Converter:   FromElf.exe V5.06 update 2 (build 183)
CPU DLL:         SARMCM3.DLL V5.20
Dialog DLL:      DARMSTM.DLL V1.66.0.0
Target DLL:      Segger\JL2CM3.dll V2.99.20.0
Dialog DLL:      TARMSTM.DLL V1.65.0.0
 
<h2>Project:</h2>
X:\Users\slayer\Desktop\V2.0 串口扩展板卡代码\串口扩展板卡代码\USER\SPI.uvprojx
Project File Date:  11/22/2016

<h2>Output:</h2>
*** Using Compiler 'V5.06 update 2 (build 183)', folder: 'D:\Program Files (x86)\MDK\5.20\ARM\ARMCC\Bin'
Build target 'Target 1'
compiling spi.c...
..\common\opts.h(31): warning:  #1-D: last line of file ends without a newline
  #endif
..\common\opt.h(47): warning:  #1-D: last line of file ends without a newline
  #endif
..\common\memp_std.h(45): warning:  #1-D: last line of file ends without a newline
  #undef LWIP_PBUF_MEMPOOL
..\common\memp.h(23): warning:  #1-D: last line of file ends without a newline
  #endif
..\common\common.h(33): warning:  #1-D: last line of file ends without a newline
  #endif
..\common\pbuf.h(68): warning:  #1-D: last line of file ends without a newline
  #endif
..\HARDWARE\SPI\spi.c(201): warning:  #223-D: function "DeQueue" declared implicitly
  		dat = DeQueue(cir_buf[device]);
..\HARDWARE\SPI\spi.c(220): warning:  #223-D: function "InsertLink" declared implicitly
  			InsertLink(QLinkList[spi1_rx],spi1_getdata_count,cir_buf[spi1_rx]->rear);
..\HARDWARE\SPI\spi.c(243): warning:  #223-D: function "EnQueue" declared implicitly
  		EnQueue(cir_buf[spi1_rx],dat);
..\HARDWARE\SPI\spi.c(256): warning:  #223-D: function "EnQueue" declared implicitly
  		EnQueue(cir_buf[spi2_rx],dat);
..\HARDWARE\SPI\spi.c(261): warning:  #223-D: function "DeQueue" declared implicitly
  				DeQueue(cir_buf[spi2_rx]);
..\HARDWARE\SPI\spi.c(263): warning:  #223-D: function "InsertLink" declared implicitly
  				InsertLink(QLinkList[spi2_rx],dat_send_count-2,cir_buf[spi2_rx]->front);
..\HARDWARE\SPI\spi.c: 12 warnings, 0 errors
linking...
Program Size: Code=22944 RO-data=996 RW-data=624 ZI-data=255392  
FromELF: creating hex file...
"..\OBJ\SPI.axf" - 0 Error(s), 12 Warning(s).

<h2>Collection of Component include folders:</h2>
  X:\Users\slayer\Desktop\V2.0 串口扩展板卡代码\串口扩展板卡代码\USER\RTE
  D:\Program Files (x86)\MDK\5.20\ARM\PACK\Keil\STM32F1xx_DFP\2.1.0\Device\Include

<h2>Collection of Component Files used:</h2>
Build Time Elapsed:  00:00:01
</pre>
</body>
</html>
